
> web@0.1.0 build C:\react\lll_social\apps\web
> next build

⚠ Warning: Next.js inferred your workspace root, but it may not be correct.
 We detected multiple lockfiles and selected the directory of C:\react\lll_social\pnpm-lock.yaml as the root directory.
 To silence this warning, set `turbopack.root` in your Next.js config, or consider removing one of the lockfiles if it's not needed.
   See https://nextjs.org/docs/app/api-reference/config/next-config-js/turbopack#root-directory for more information.
 Detected additional lockfiles: 
   * C:\react\lll_social\apps\web\package-lock.json

▲ Next.js 16.1.6 (Turbopack)
- Environments: .env.local

⚠ The "middleware" file convention is deprecated. Please use "proxy" instead. Learn more: https://nextjs.org/docs/messages/middleware-to-proxy
  Creating an optimized production build ...
✓ Compiled successfully in 4.0s
  Running TypeScript ...
  Collecting page data using 11 workers ...
  Generating static pages using 11 workers (0/9) ...
--- [Dashboard Page: Access Attempt] ---
💥 Dashboard Component Error: Error: Dynamic server usage: Route /dashboard couldn't be rendered statically because it used `cookies`. See more info here: https://nextjs.org/docs/messages/dynamic-server-error
    at w (C:\react\lll_social\apps\web\.next\server\chunks\ssr\_274ee260._.js:1:14612)
    at n (C:\react\lll_social\apps\web\.next\server\chunks\ssr\_274ee260._.js:4:40096)
    at n (C:\react\lll_social\apps\web\.next\server\chunks\ssr\_274ee260._.js:5:783)
    at g (C:\react\lll_social\apps\web\.next\server\chunks\ssr\[root-of-the-server]__015953bf._.js:1:1512)
    at stringify (<anonymous>) {
  description: "Route /dashboard couldn't be rendered statically because it used `cookies`. See more info here: https://nextjs.org/docs/messages/dynamic-server-error",
  digest: 'DYNAMIC_SERVER_USAGE'
}
  Generating static pages using 11 workers (2/9) 
  Generating static pages using 11 workers (4/9) 
  Generating static pages using 11 workers (6/9) 
✓ Generating static pages using 11 workers (9/9) in 1005.9ms
  Finalizing page optimization ...

Route (app)
┌ ○ /
├ ○ /_not-found
├ ○ /auth/signin
├ ƒ /auth/signout
├ ○ /auth/signup
├ ƒ /dashboard
└ ○ /heroSection


ƒ Proxy (Middleware)

○  (Static)   prerendered as static content
ƒ  (Dynamic)  server-rendered on demand

